ACK seq=0 op=0 code=0 mode=4 received=0
ACK seq=0 op=0 code=0 mode=4 received=0
ACK seq=0 op=0 code=0 mode=4 received=0
ACK seq=0 op=0 code=0 mode=4 received=0
ACK seq=0 op=0 code=0 mode=4 received=0
ACK seq=0 op=0 code=0 mode=4 received=0
ACK seq=0 op=0 code=0 mode=4 received=0
ACK seq=0 op=0 code=0 mode=4 received=0
ACK seq=0 op=0 code=0 mode=4 received=0
ACK seq=0 op=0 code=0 mode=4 received=0
ACK seq=0 op=0 code=0 mode=4 received=0
ACK seq=0 op=0 code=0 mode=4 received=0
ACK seq=0 op=0 code=0 mode=4 received=0
ACK seq=0 op=0 code=0 mode=4 received=0
ACK seq=0 op=0 code=0 mode=4 received=0
ACK seq=0 op=0 code=0 mode=4 received=0
ACK seq=0 op=0 code=0 mode=4 received=0
ACK seq=0 op=0 code=0 mode=4 received=0
ACK seq=0 op=0 code=0 mode=4 received=0
ACK seq=0 op=0 code=0 mode=4 received=0
ACK seq=0 op=0 code=0 mode=4 received=0
ACK seq=0 op=0 code=0 mode=4 received=0
ACK seq=0 op=0 code=0 mode=4 received=0
ACK seq=0 op=0 code=0 mode=4 received=0
BUS block=0400 bytes=62208 elapsed_ms=1943 write_pair_us=12 read_ack_us=20
BUS block=0002 bytes=6 elapsed_ms=0 write_pair_us=12 read_ack_us=20
BUS block=0008 bytes=1 elapsed_ms=0 write_pair_us=14 read_ack_us=21
BUS block=0010 bytes=8 elapsed_ms=0 write_pair_us=12 read_ack_us=18
ACK seq=0 op=0 code=0 mode=4 received=0
ACK seq=0 op=0 code=0 mode=4 received=0
BUS block=0200 bytes=344 elapsed_ms=11 write_pair_us=12 read_ack_us=21
LED state=3 pin=2
ACK seq=3 op=32 code=0 mode=6 received=0
ACK seq=20 op=1 code=0 mode=6 received=7488
ACK seq=37 op=1 code=0 mode=6 received=14976
PCM bus bytes=16848 us=454350 rate=37081 B/s channels=2
ACK seq=54 op=1 code=0 mode=6 received=22464
ACK seq=71 op=1 code=0 mode=6 received=29952
PCM bus bytes=16848 us=415322 rate=40566 B/s channels=2
ACK seq=88 op=1 code=0 mode=6 received=37440
ACK seq=105 op=1 code=0 mode=6 received=44928
PCM pointer mismatch ch=1 received=48672 n=468 ptr=FAFA expected=D8FA
PCM feed error=4 offset=48672 received=48672 n=468
LED state=0 pin=2
ACK seq=122 op=1 code=2 mode=5 received=48672
ACK seq=123 op=3 code=0 mode=0 received=48672
SPC gain=1024 patch=OK
LED state=2 pin=2
ACK seq=0 op=0 code=0 mode=4 received=48672
BUS block=0002 bytes=238 elapsed_ms=7 write_pair_us=12 read_ack_us=20
ACK seq=0 op=0 code=0 mode=4 received=48672
ACK seq=0 op=0 code=0 mode=4 received=48672
ACK seq=0 op=0 code=0 mode=4 received=48672
ACK seq=0 op=0 code=0 mode=4 received=48672
ACK seq=0 op=0 code=0 mode=4 received=48672
ACK seq=0 op=0 code=0 mode=4 received=48672
ACK seq=0 op=0 code=0 mode=4 received=48672
ACK seq=0 op=0 code=0 mode=4 received=48672
ACK seq=0 op=0 code=0 mode=4 received=48672
ACK seq=0 op=0 code=0 mode=4 received=48672
ACK seq=0 op=0 code=0 mode=4 received=48672
ACK seq=0 op=0 code=0 mode=4 received=48672
ACK seq=0 op=0 code=0 mode=4 received=48672
ACK seq=0 op=0 code=0 mode=4 received=48672
ACK seq=0 op=0 code=0 mode=4 received=48672
ACK seq=0 op=0 code=0 mode=4 received=48672
ACK seq=0 op=0 code=0 mode=4 received=48672
ACK seq=0 op=0 code=0 mode=4 received=48672
ACK seq=0 op=0 code=0 mode=4 received=48672
ACK seq=0 op=0 code=0 mode=4 received=48672
ACK seq=0 op=0 code=0 mode=4 received=48672
ACK seq=0 op=0 code=0 mode=4 received=48672
ACK seq=0 op=0 code=0 mode=4 received=48672
ACK seq=0 op=0 code=0 mode=4 received=48672
ACK seq=0 op=0 code=0 mode=4 received=48672
ACK seq=0 op=0 code=0 mode=4 received=48672
ACK seq=0 op=0 code=0 mode=4 received=48672
ACK seq=0 op=0 code=0 mode=4 received=48672
ACK seq=0 op=0 code=0 mode=4 received=48672
ACK seq=0 op=0 code=0 mode=4 received=48672
ACK seq=0 op=0 code=0 mode=4 received=48672
ACK seq=0 op=0 code=0 mode=4 received=48672
ACK seq=0 op=0 code=0 mode=4 received=48672
ACK seq=0 op=0 code=0 mode=4 received=48672
ACK seq=0 op=0 code=0 mode=4 received=48672
ACK seq=0 op=0 code=0 mode=4 received=48672
ACK seq=0 op=0 code=0 mode=4 received=48672
ACK seq=0 op=0 code=0 mode=4 received=48672
ACK seq=0 op=0 code=0 mode=4 received=48672
ACK seq=0 op=0 code=0 mode=4 received=48672
ACK seq=0 op=0 code=0 mode=4 received=48672
ACK seq=0 op=0 code=0 mode=4 received=48672
ACK seq=0 op=0 code=0 mode=4 received=48672
ACK seq=0 op=0 code=0 mode=4 received=48672
ACK seq=0 op=0 code=0 mode=4 received=48672
ACK seq=0 op=0 code=0 mode=4 received=48672
ACK seq=0 op=0 code=0 mode=4 received=48672
ACK seq=0 op=0 code=0 mode=4 received=48672
ACK seq=0 op=0 code=0 mode=4 received=48672
ACK seq=0 op=0 code=0 mode=4 received=48672
ACK seq=0 op=0 code=0 mode=4 received=48672
ACK seq=0 op=0 code=0 mode=4 received=48672
ACK seq=0 op=0 code=0 mode=4 received=48672
ACK seq=0 op=0 code=0 mode=4 received=48672
ACK seq=0 op=0 code=0 mode=4 received=48672
ACK seq=0 op=0 code=0 mode=4 received=48672
ACK seq=0 op=0 code=0 mode=4 received=48672
ACK seq=0 op=0 code=0 mode=4 received=48672
ACK seq=0 op=0 code=0 mode=4 received=48672
ACK seq=0 op=0 code=0 mode=4 received=48672
ACK seq=0 op=0 code=0 mode=4 received=48672
ACK seq=0 op=0 code=0 mode=4 received=48672
ACK seq=0 op=0 code=0 mode=4 received=48672
BUS block=0100 bytes=65216 elapsed_ms=2037 write_pair_us=12 read_ack_us=21
ACK seq=0 op=0 code=0 mode=4 received=48672
ACK seq=0 op=0 code=0 mode=4 received=48672
BUS block=FC88 bytes=824 elapsed_ms=26 write_pair_us=12 read_ack_us=19
LED state=3 pin=2
BUS complete bytes=66278 elapsed_ms=2195
ACK seq=124 op=2 code=0 mode=1 received=48672
