ACK seq=1 op=1 code=0 mode=1 received=0
LED state=1 pin=2
ACK seq=2 op=16 code=0 mode=1 received=0
ACK seq=19 op=1 code=0 mode=1 received=8080
ACK seq=36 op=1 code=0 mode=1 received=16160
ACK seq=53 op=1 code=0 mode=1 received=24240
ACK seq=70 op=1 code=0 mode=1 received=32320
ACK seq=87 op=1 code=0 mode=1 received=40400
ACK seq=104 op=1 code=0 mode=1 received=48480
ACK seq=121 op=1 code=0 mode=1 received=56560
ACK seq=138 op=1 code=0 mode=1 received=64640
ACK seq=143 op=1 code=0 mode=1 received=66376
LED state=3 pin=2
ACK seq=144 op=18 code=0 mode=1 received=66376
ACK seq=145 op=1 code=0 mode=1 received=66376
LED state=0 pin=2
SPC gain=1024 patch=OK
LED state=2 pin=2
ACK seq=0 op=0 code=0 mode=4 received=66376
BUS block=0002 bytes=238 elapsed_ms=7 write_pair_us=11 read_ack_us=19
ACK seq=0 op=0 code=0 mode=4 received=66376
ACK seq=0 op=0 code=0 mode=4 received=66376
ACK seq=0 op=0 code=0 mode=4 received=66376
ACK seq=0 op=0 code=0 mode=4 received=66376
ACK seq=0 op=0 code=0 mode=4 received=66376
ACK seq=0 op=0 code=0 mode=4 received=66376
ACK seq=0 op=0 code=0 mode=4 received=66376
ACK seq=0 op=0 code=0 mode=4 received=66376
ACK seq=0 op=0 code=0 mode=4 received=66376
ACK seq=0 op=0 code=0 mode=4 received=66376
ACK seq=0 op=0 code=0 mode=4 received=66376
ACK seq=0 op=0 code=0 mode=4 received=66376
ACK seq=0 op=0 code=0 mode=4 received=66376
ACK seq=0 op=0 code=0 mode=4 received=66376
ACK seq=0 op=0 code=0 mode=4 received=66376
ACK seq=0 op=0 code=0 mode=4 received=66376
ACK seq=0 op=0 code=0 mode=4 received=66376
ACK seq=0 op=0 code=0 mode=4 received=66376
ACK seq=0 op=0 code=0 mode=4 received=66376
ACK seq=0 op=0 code=0 mode=4 received=66376
ACK seq=0 op=0 code=0 mode=4 received=66376
ACK seq=0 op=0 code=0 mode=4 received=66376
ACK seq=0 op=0 code=0 mode=4 received=66376
ACK seq=0 op=0 code=0 mode=4 received=66376
ACK seq=0 op=0 code=0 mode=4 received=66376
ACK seq=0 op=0 code=0 mode=4 received=66376
ACK seq=0 op=0 code=0 mode=4 received=66376
ACK seq=0 op=0 code=0 mode=4 received=66376
ACK seq=0 op=0 code=0 mode=4 received=66376
ACK seq=0 op=0 code=0 mode=4 received=66376
ACK seq=0 op=0 code=0 mode=4 received=66376
ACK seq=0 op=0 code=0 mode=4 received=66376
ACK seq=0 op=0 code=0 mode=4 received=66376
ACK seq=0 op=0 code=0 mode=4 received=66376
ACK seq=0 op=0 code=0 mode=4 received=66376
ACK seq=0 op=0 code=0 mode=4 received=66376
ACK seq=0 op=0 code=0 mode=4 received=66376
ACK seq=0 op=0 code=0 mode=4 received=66376
ACK seq=0 op=0 code=0 mode=4 received=66376
ACK seq=0 op=0 code=0 mode=4 received=66376
ACK seq=0 op=0 code=0 mode=4 received=66376
ACK seq=0 op=0 code=0 mode=4 received=66376
ACK seq=0 op=0 code=0 mode=4 received=66376
ACK seq=0 op=0 code=0 mode=4 received=66376
ACK seq=0 op=0 code=0 mode=4 received=66376
ACK seq=0 op=0 code=0 mode=4 received=66376
ACK seq=0 op=0 code=0 mode=4 received=66376
ACK seq=0 op=0 code=0 mode=4 received=66376
ACK seq=0 op=0 code=0 mode=4 received=66376
ACK seq=0 op=0 code=0 mode=4 received=66376
ACK seq=0 op=0 code=0 mode=4 received=66376
ACK seq=0 op=0 code=0 mode=4 received=66376
ACK seq=0 op=0 code=0 mode=4 received=66376
ACK seq=0 op=0 code=0 mode=4 received=66376
ACK seq=0 op=0 code=0 mode=4 received=66376
ACK seq=0 op=0 code=0 mode=4 received=66376
ACK seq=0 op=0 code=0 mode=4 received=66376
ACK seq=0 op=0 code=0 mode=4 received=66376
ACK seq=0 op=0 code=0 mode=4 received=66376
ACK seq=0 op=0 code=0 mode=4 received=66376
ACK seq=0 op=0 code=0 mode=4 received=66376
ACK seq=0 op=0 code=0 mode=4 received=66376
ACK seq=0 op=0 code=0 mode=4 received=66376
BUS block=0100 bytes=65216 elapsed_ms=1910 write_pair_us=11 read_ack_us=19
ACK seq=0 op=0 code=0 mode=4 received=66376
ACK seq=0 op=0 code=0 mode=4 received=66376
BUS block=FC88 bytes=824 elapsed_ms=24 write_pair_us=11 read_ack_us=18
LED state=3 pin=2
BUS complete bytes=66278 elapsed_ms=2066
ACK seq=146 op=2 code=0 mode=1 received=66376
LED state=1 pin=2
ACK seq=147 op=16 code=0 mode=1 received=0
ACK seq=164 op=1 code=0 mode=1 received=8080
ACK seq=181 op=1 code=0 mode=1 received=16160
ACK seq=198 op=1 code=0 mode=1 received=24240
ACK seq=215 op=1 code=0 mode=1 received=32320
ACK seq=232 op=1 code=0 mode=1 received=40400
ACK seq=249 op=1 code=0 mode=1 received=48480
ACK seq=266 op=1 code=0 mode=1 received=56560
ACK seq=283 op=1 code=0 mode=1 received=64640
ACK seq=288 op=1 code=0 mode=1 received=66376
LED state=3 pin=2
ACK seq=289 op=18 code=0 mode=1 received=66376
ACK seq=290 op=1 code=0 mode=1 received=66376
LED state=0 pin=2
SPC gain=1024 patch=OK
LED state=2 pin=2
ACK seq=0 op=0 code=0 mode=4 received=66376
BUS block=0002 bytes=238 elapsed_ms=7 write_pair_us=11 read_ack_us=19
ACK seq=0 op=0 code=0 mode=4 received=66376
ACK seq=0 op=0 code=0 mode=4 received=66376
ACK seq=0 op=0 code=0 mode=4 received=66376
ACK seq=0 op=0 code=0 mode=4 received=66376
ACK seq=0 op=0 code=0 mode=4 received=66376
ACK seq=0 op=0 code=0 mode=4 received=66376
ACK seq=0 op=0 code=0 mode=4 received=66376
ACK seq=0 op=0 code=0 mode=4 received=66376
ACK seq=0 op=0 code=0 mode=4 received=66376
ACK seq=0 op=0 code=0 mode=4 received=66376
ACK seq=0 op=0 code=0 mode=4 received=66376
ACK seq=0 op=0 code=0 mode=4 received=66376
ACK seq=0 op=0 code=0 mode=4 received=66376
ACK seq=0 op=0 code=0 mode=4 received=66376
ACK seq=0 op=0 code=0 mode=4 received=66376
ACK seq=0 op=0 code=0 mode=4 received=66376
ACK seq=0 op=0 code=0 mode=4 received=66376
ACK seq=0 op=0 code=0 mode=4 received=66376
ACK seq=0 op=0 code=0 mode=4 received=66376
ACK seq=0 op=0 code=0 mode=4 received=66376
ACK seq=0 op=0 code=0 mode=4 received=66376
ACK seq=0 op=0 code=0 mode=4 received=66376
ACK seq=0 op=0 code=0 mode=4 received=66376
ACK seq=0 op=0 code=0 mode=4 received=66376
ACK seq=0 op=0 code=0 mode=4 received=66376
ACK seq=0 op=0 code=0 mode=4 received=66376
ACK seq=0 op=0 code=0 mode=4 received=66376
ACK seq=0 op=0 code=0 mode=4 received=66376
ACK seq=0 op=0 code=0 mode=4 received=66376
ACK seq=0 op=0 code=0 mode=4 received=66376
ACK seq=0 op=0 code=0 mode=4 received=66376
ACK seq=0 op=0 code=0 mode=4 received=66376
ACK seq=0 op=0 code=0 mode=4 received=66376
ACK seq=0 op=0 code=0 mode=4 received=66376
ACK seq=0 op=0 code=0 mode=4 received=66376
ACK seq=0 op=0 code=0 mode=4 received=66376
ACK seq=0 op=0 code=0 mode=4 received=66376
ACK seq=0 op=0 code=0 mode=4 received=66376
ACK seq=0 op=0 code=0 mode=4 received=66376
ACK seq=0 op=0 code=0 mode=4 received=66376
ACK seq=0 op=0 code=0 mode=4 received=66376
ACK seq=0 op=0 code=0 mode=4 received=66376
ACK seq=0 op=0 code=0 mode=4 received=66376
ACK seq=0 op=0 code=0 mode=4 received=66376
ACK seq=0 op=0 code=0 mode=4 received=66376
ACK seq=0 op=0 code=0 mode=4 received=66376
ACK seq=0 op=0 code=0 mode=4 received=66376
ACK seq=0 op=0 code=0 mode=4 received=66376
ACK seq=0 op=0 code=0 mode=4 received=66376
ACK seq=0 op=0 code=0 mode=4 received=66376
ACK seq=0 op=0 code=0 mode=4 received=66376
ACK seq=0 op=0 code=0 mode=4 received=66376
ACK seq=0 op=0 code=0 mode=4 received=66376
ACK seq=0 op=0 code=0 mode=4 received=66376
ACK seq=0 op=0 code=0 mode=4 received=66376
ACK seq=0 op=0 code=0 mode=4 received=66376
ACK seq=0 op=0 code=0 mode=4 received=66376
ACK seq=0 op=0 code=0 mode=4 received=66376
ACK seq=0 op=0 code=0 mode=4 received=66376
ACK seq=0 op=0 code=0 mode=4 received=66376
ACK seq=0 op=0 code=0 mode=4 received=66376
ACK seq=0 op=0 code=0 mode=4 received=66376
ACK seq=0 op=0 code=0 mode=4 received=66376
BUS block=0100 bytes=65216 elapsed_ms=1910 write_pair_us=11 read_ack_us=19
ACK seq=0 op=0 code=0 mode=4 received=66376
ACK seq=0 op=0 code=0 mode=4 received=66376
BUS block=FC88 bytes=824 elapsed_ms=24 write_pair_us=11 read_ack_us=18
LED state=3 pin=2
BUS complete bytes=66278 elapsed_ms=2066
ACK seq=291 op=2 code=0 mode=1 received=66376
LED state=1 pin=2
ACK seq=292 op=16 code=0 mode=1 received=0
ACK seq=309 op=1 code=2 mode=1 received=4545
LED state=3 pin=2
ACK seq=310 op=19 code=0 mode=1 received=4545
